
 RUN  v4.1.5 /Users/pfy-210/Antigravity/umis-frontend

 ❯ app/(student-page)/academic-details/semester-results/page.test.tsx (1 test | 1 failed) 135ms
     × renders summary cards and semester results listed correctly 133ms
 ✓ components/dashboard/academic-progress.test.tsx (3 tests) 138ms
 ❯ app/(student-page)/academic-details/semester-results/[id]/page.test.tsx (1 test | 1 failed) 208ms
     × renders semester identifier correctly 206ms
 ✓ app/(student-page)/academic-details/semester-results/[id]/preview/page.test.tsx (1 test) 199ms
 ✓ components/academic-details/academic-details.test.tsx (1 test) 93ms

⎯⎯⎯⎯⎯⎯⎯ Failed Tests 2 ⎯⎯⎯⎯⎯⎯⎯

 FAIL  app/(student-page)/academic-details/semester-results/page.test.tsx > SemesterResultsPage Component > renders summary cards and semester results listed correctly
TestingLibraryElementError: Found multiple elements with the text: Semester GPA

Here are the matching elements:

Ignored nodes: comments, script, style
[36m<span[39m
  [33mclass[39m=[32m"text-[13px] text-gray-500 font-medium"[39m
[36m>[39m
  [0mSemester GPA[0m
[36m</span>[39m

Ignored nodes: comments, script, style
[36m<span[39m
  [33mclass[39m=[32m"text-[13px] text-gray-500 font-medium"[39m
[36m>[39m
  [0mSemester GPA[0m
[36m</span>[39m

Ignored nodes: comments, script, style
[36m<span[39m
  [33mclass[39m=[32m"text-[13px] text-gray-500 font-medium"[39m
[36m>[39m
  [0mSemester GPA[0m
[36m</span>[39m

Ignored nodes: comments, script, style
[36m<span[39m
  [33mclass[39m=[32m"text-[13px] text-gray-500 font-medium"[39m
[36m>[39m
  [0mSemester GPA[0m
[36m</span>[39m

Ignored nodes: comments, script, style
[36m<span[39m
  [33mclass[39m=[32m"text-[13px] text-gray-500 font-medium"[39m
[36m>[39m
  [0mSemester GPA[0m
[36m</span>[39m

(If this is intentional, then use the `*AllBy*` variant of the query (like `queryAllByText`, `getAllByText`, or `findAllByText`)).

Ignored nodes: comments, script, style
[36m<body>[39m
  [36m<div>[39m
    [36m<div[39m
      [33mclass[39m=[32m"flex flex-col gap-4 md:gap-6 w-full max-w-7xl mx-auto pb-10 px-4 md:px-0 md:mt-0"[39m
    [36m>[39m
      [36m<div>[39m
        [36m<button[39m
          [33mclass[39m=[32m"group/button inline-flex shrink-0 items-center justify-center border bg-clip-padding text-sm whitespace-nowrap outline-none select-none focus-visible:border-ring focus-visible:ring-3 focus-visible:ring-ring/50 active:not-aria-[haspopup]:translate-y-px disabled:pointer-events-none disabled:opacity-50 aria-invalid:border-destructive aria-invalid:ring-3 aria-invalid:ring-destructive/20 dark:aria-invalid:border-destructive/50 dark:aria-invalid:ring-destructive/40 [&_svg]:pointer-events-none [&_svg]:shrink-0 [&_svg:not([class*='size-'])]:size-4 aria-expanded:bg-muted aria-expanded:text-foreground dark:border-input dark:bg-input/30 dark:hover:bg-input/50 gap-1.5 has-data-[icon=inline-end]:pr-2 has-data-[icon=inline-start]:pl-2 rounded-[10px] text-blue-600 font-semibold px-4 h-10 border-gray-200 hover:bg-blue-50 hover:text-blue-700 bg-white shadow-sm transition-colors"[39m
          [33mdata-slot[39m=[32m"button"[39m
          [33mtabindex[39m=[32m"0"[39m
          [33mtype[39m=[32m"button"[39m
        [36m>[39m
          [36m<svg[39m
            [33maria-hidden[39m=[32m"true"[39m
            [33mclass[39m=[32m"lucide lucide-chevron-left w-4 h-4 mr-1"[39m
            [33mfill[39m=[32m"none"[39m
            [33mheight[39m=[32m"24"[39m
            [33mstroke[39m=[32m"currentColor"[39m
            [33mstroke-linecap[39m=[32m"round"[39m
            [33mstroke-linejoin[39m=[32m"round"[39m
            [33mstroke-width[39m=[32m"2"[39m
            [33mviewBox[39m=[32m"0 0 24 24"[39m
            [33mwidth[39m=[32m"24"[39m
            [33mxmlns[39m=[32m"http://www.w3.org/2000/svg"[39m
          [36m>[39m
            [36m<path[39m
              [33md[39m=[32m"m15 18-6-6 6-6"[39m
            [36m/>[39m
          [36m</svg>[39m
          [0mBack[0m
        [36m</button>[39m
      [36m</div>[39m
      [36m<div[39m
        [33mclass[39m=[32m"group/card flex flex-col gap-4 overflow-hidden text-sm text-card-foreground ring-1 ring-foreground/10 has-data-[slot=card-footer]:pb-0 has-[>img:first-child]:pt-0 data-[size=sm]:gap-3 data-[size=sm]:py-3 data-[size=sm]:has-data-[slot=card-footer]:pb-0 *:[img:first-child]:rounded-t-xl *:[img:last-child]:rounded-b-xl rounded-[24px] bg-white border-0 shadow-sm p-4 md:mb-0"[39m
        [33mdata-size[39m=[32m"default"[39m
        [33mdata-slot[39m=[32m"card"[39m
      [36m>[39m
        [36m<div[39m
          [33mclass[39m=[32m"grid grid-cols-2 md:grid-cols-3 gap-3 md:gap-6"[39m
        [36m>[39m
          [36m<div[39m
            [33mclass[39m=[32m"flex-1 bg-[#F8F9FB] rounded-2xl p-4 flex items-center justify-between"[39m
          [36m>[39m
            [36m<div[39m
              [33mclass[39m=[32m"flex flex-col mr-1"[39m
            [36m>[39m
              [36m<span[39m
                [33mclass[39m=[32m"text-[28px] font-bold text-[#1E1E1E] leading-none mb-1"[39m
              [36m>[39m
                [0m3.67[0m
              [36m</span>[39m
              [36m<span[39m
                [33mclass[39m=[32m"text-[11px] font-semibold text-gray-500 tracking-wide"[39m
              [36m>[39m
                [0mCGPA[0m
              [36m</span>[39m
            [36m</div>[39m
            [36m<button[39m
              [33maria-label[39m=[32m"Hide CGPA"[39m
              [33mclass[39m=[32m"w-11 h-11 flex items-center justify-center -mr-4 text-gray-400 active:text-gray-600 md:hover:text-gray-600 transition-colors rounded-full touch-manipulation"[39m
              [33mtype[39m=[32m"button"[39m
            [36m>[39m
              [36m<svg[39m
                [33maria-hidden[39m=[32m"true"[39m
                [33mclass[39m=[32m"lucide lucide-eye w-5 h-5"[39m
                [33mfill[39m=[32m"none"[39m
                [33mheight[39m=[32m"24"[39m
                [33mstroke[39m=[32m"currentColor"[39m
                [33mstroke-linecap[39m=[32m"round"[39m
                [33mstroke-linejoin[39m=[32m"round"[39m
                [33mstroke-width[39m=[32m"2"[39m
                [33mviewBox[39m=[32m"0 0 24 24"[39m
                [33mwidth[39m=[32m"24"[39m
                [33mxmlns[39m=[32m"http://www.w3.org/2000/svg"[39m
              [36m>[39m
                [36m<path[39m
                  [33md[39m=[32m"M2.062 12.348a1 1 0 0 1 0-.696 10.75 10.75 0 0 1 19.876 0 1 1 0 0 1 0 .696 10.75 10.75 0 0 1-19.876 0"[39m
                [36m/>[39m
                [36m<circle[39m
                  [33mcx[39m=[32m"12"[39m
                  [33mcy[39m=[32m"12"[39m
                  [33mr[39m=[32m"3"[39m
                [36m/>[39m
              [36m</svg>[39m
            [36m</button>[39m
          [36m</div>[39m
          [36m<div[39m
            [33mclass[39m=[32m"flex-1 bg-[#F8F9FB] rounded-2xl p-4 flex items-center justify-between"[39m
          [36m>[39m
            [36m<div[39m
              [33mclass[39m=[32m"flex flex-col mr-1"[39m
            [36m>[39m
              [36m<span[39m
                [33mclass[39m=[32m"text-[28px] font-bold text-[#209255] leading-none mb-1"[39m
              [36m>[39m
                [0m3.52[0m
              [36m</span>[39m
              [36m<span[39m
                [33mclass[39m=[32m"text-[11px] font-semibold text-gray-500 tracking-wide"[39m
              [36m>[39m
                [0mSEMESTER GPA[0m
              [36m</span>[39m
            [36m</div>[39m
            [36m<button[39m
              [33maria-label[39m=[32m"Hide Semester GPA"[39m
              [33mclass[39m=[32m"w-11 h-11 flex items-center justify-center -mr-2 text-gray-400 active:text-gray-600 md:hover:text-gray-600 transition-colors rounded-full touch-manipulation"[39m
              [33mtype[39m=[32m"button"[39m
            [36m>[39m
              [36m<svg[39m
                [33maria-hidden[39m=[32m"true"[39m
                [33mclass[39m=[32m"lucide lucide-eye w-5 h-5"[39m
                [33mfill[39m=[32m"none"[39m
                [33mheight[39m=[32m"24"[39m
                [33mstroke[39m=[32m"currentColor"[39m
                [33mstroke-linecap[39m=[32m"round"[39m
                [33mstroke-linejoin[39m=[32m"round"[39m
                [33mstroke-width[39m=[32m"2"[39m
                [33mviewBox[39m=[32m"0 0 24 24"[39m
                [33mwidth[39m=[32m"24"[39m
                [33mxmlns[39m=[32m"http://www.w3.org/2000/svg"[39m
              [36m>[39m
                [36m<path[39m
                  [33md[39m=[32m"M2.062 12.348a1 1 0 0 1 0-.696 10.75 10.75 0 0 1 19.876 0 1 1 0 0 1 0 ...
 ❯ Object.getElementError node_modules/@testing-library/dom/dist/config.js:37:19
 ❯ getElementError node_modules/@testing-library/dom/dist/query-helpers.js:20:35
 ❯ getMultipleElementsFoundError node_modules/@testing-library/dom/dist/query-helpers.js:23:10
 ❯ node_modules/@testing-library/dom/dist/query-helpers.js:55:13
 ❯ node_modules/@testing-library/dom/dist/query-helpers.js:95:19
 ❯ app/(student-page)/academic-details/semester-results/page.test.tsx:20:19
     18|     expect(screen.getByText('3.67')).toBeDefined();
     19|
     20|     expect(screen.getByText('Semester GPA')).toBeDefined();
       |                   ^
     21|     expect(screen.getByText('3.52')).toBeDefined();
     22|

⎯⎯⎯⎯⎯⎯⎯⎯⎯⎯⎯⎯⎯⎯⎯⎯⎯⎯⎯⎯⎯⎯⎯⎯[1/2]⎯

 FAIL  app/(student-page)/academic-details/semester-results/[id]/page.test.tsx > SemesterResultDetailPage Component > renders semester identifier correctly
TestingLibraryElementError: Found multiple elements with the text: 12

Here are the matching elements:

Ignored nodes: comments, script, style
[36m<div[39m
  [33mclass[39m=[32m"text-[15px] font-bold text-gray-900 text-center"[39m
[36m>[39m
  [0m12[0m
[36m</div>[39m

Ignored nodes: comments, script, style
[36m<span[39m
  [33mclass[39m=[32m"font-bold text-[15px] text-gray-900"[39m
[36m>[39m
  [0m12[0m
[36m</span>[39m

(If this is intentional, then use the `*AllBy*` variant of the query (like `queryAllByText`, `getAllByText`, or `findAllByText`)).

Ignored nodes: comments, script, style
[36m<body>[39m
  [36m<div>[39m
    [36m<div[39m
      [33mclass[39m=[32m"flex flex-col gap-4 md:gap-6 w-full max-w-7xl mx-auto pb-10 px-4 md:px-0 mt-4 md:mt-0"[39m
    [36m>[39m
      [36m<div>[39m
        [36m<button[39m
          [33mclass[39m=[32m"group/button inline-flex shrink-0 items-center justify-center border bg-clip-padding text-sm whitespace-nowrap outline-none select-none focus-visible:border-ring focus-visible:ring-3 focus-visible:ring-ring/50 active:not-aria-[haspopup]:translate-y-px disabled:pointer-events-none disabled:opacity-50 aria-invalid:border-destructive aria-invalid:ring-3 aria-invalid:ring-destructive/20 dark:aria-invalid:border-destructive/50 dark:aria-invalid:ring-destructive/40 [&_svg]:pointer-events-none [&_svg]:shrink-0 [&_svg:not([class*='size-'])]:size-4 aria-expanded:bg-muted aria-expanded:text-foreground dark:border-input dark:bg-input/30 dark:hover:bg-input/50 gap-1.5 has-data-[icon=inline-end]:pr-2 has-data-[icon=inline-start]:pl-2 rounded-[10px] text-blue-600 font-semibold px-4 h-10 border-gray-200 hover:bg-blue-50 hover:text-blue-700 bg-white shadow-sm transition-colors"[39m
          [33mdata-slot[39m=[32m"button"[39m
          [33mtabindex[39m=[32m"0"[39m
          [33mtype[39m=[32m"button"[39m
        [36m>[39m
          [36m<svg[39m
            [33maria-hidden[39m=[32m"true"[39m
            [33mclass[39m=[32m"lucide lucide-chevron-left w-4 h-4 mr-1"[39m
            [33mfill[39m=[32m"none"[39m
            [33mheight[39m=[32m"24"[39m
            [33mstroke[39m=[32m"currentColor"[39m
            [33mstroke-linecap[39m=[32m"round"[39m
            [33mstroke-linejoin[39m=[32m"round"[39m
            [33mstroke-width[39m=[32m"2"[39m
            [33mviewBox[39m=[32m"0 0 24 24"[39m
            [33mwidth[39m=[32m"24"[39m
            [33mxmlns[39m=[32m"http://www.w3.org/2000/svg"[39m
          [36m>[39m
            [36m<path[39m
              [33md[39m=[32m"m15 18-6-6 6-6"[39m
            [36m/>[39m
          [36m</svg>[39m
          [0mBack[0m
        [36m</button>[39m
      [36m</div>[39m
      [36m<div[39m
        [33mclass[39m=[32m"group/card overflow-hidden text-sm text-card-foreground ring-1 ring-foreground/10 has-data-[slot=card-footer]:pb-0 has-[>img:first-child]:pt-0 data-[size=sm]:gap-3 data-[size=sm]:py-3 data-[size=sm]:has-data-[slot=card-footer]:pb-0 *:[img:first-child]:rounded-t-xl *:[img:last-child]:rounded-b-xl rounded-[24px] bg-white border-0 shadow-sm p-4 md:p-5 flex flex-col md:flex-row md:items-center justify-between gap-4"[39m
        [33mdata-size[39m=[32m"default"[39m
        [33mdata-slot[39m=[32m"card"[39m
      [36m>[39m
        [36m<div[39m
          [33mclass[39m=[32m"flex flex-wrap items-center gap-3 md:gap-4"[39m
        [36m>[39m
          [36m<h2[39m
            [33mclass[39m=[32m"font-bold text-[18px] text-gray-900"[39m
          [36m>[39m
            [0mSemester Result[0m
          [36m</h2>[39m
          [36m<button[39m
            [33mclass[39m=[32m"flex items-center gap-2 border border-blue-100 rounded-[10px] px-3.5 py-2 bg-white text-blue-600 text-[14px] font-semibold hover:bg-blue-50 transition-colors"[39m
          [36m>[39m
            [0m2018/2019.1[0m
            [36m<svg[39m
              [33maria-hidden[39m=[32m"true"[39m
              [33mclass[39m=[32m"lucide lucide-chevron-down w-4 h-4 text-blue-400"[39m
              [33mfill[39m=[32m"none"[39m
              [33mheight[39m=[32m"24"[39m
              [33mstroke[39m=[32m"currentColor"[39m
              [33mstroke-linecap[39m=[32m"round"[39m
              [33mstroke-linejoin[39m=[32m"round"[39m
              [33mstroke-width[39m=[32m"2"[39m
              [33mviewBox[39m=[32m"0 0 24 24"[39m
              [33mwidth[39m=[32m"24"[39m
              [33mxmlns[39m=[32m"http://www.w3.org/2000/svg"[39m
            [36m>[39m
              [36m<path[39m
                [33md[39m=[32m"m6 9 6 6 6-6"[39m
              [36m/>[39m
            [36m</svg>[39m
          [36m</button>[39m
          [36m<div[39m
            [33mclass[39m=[32m"bg-[#D1F4E0] text-[13px] font-semibold text-[#1E8B4A] px-3.5 py-2 rounded-[10px] flex items-center"[39m
          [36m>[39m
            [0mSemester GPA: 3.52[0m
          [36m</div>[39m
        [36m</div>[39m
        [36m<button[39m
          [33mclass[39m=[32m"group/button inline-flex shrink-0 items-center justify-center border border-transparent bg-clip-padding text-sm whitespace-nowrap outline-none select-none focus-visible:border-ring focus-visible:ring-3 focus-visible:ring-ring/50 active:not-aria-[haspopup]:translate-y-px disabled:pointer-events-none disabled:opacity-50 aria-invalid:border-destructive aria-invalid:ring-3 aria-invalid:ring-destructive/20 dark:aria-invalid:border-destructive/50 dark:aria-invalid:ring-destructive/40 [&_svg]:pointer-events-none [&_svg]:shrink-0 [&_svg:not([class*='size-'])]:size-4 [a]:hover:bg-primary/80 gap-1.5 has-data-[icon=inline-end]:pr-2 has-data-[icon=inline-start]:pl-2 bg-[#003CBB] hover:bg-[#5585EA] text-white font-semibold rounded-[12px] h-11 px-6 w-full md:w-auto shadow-sm transition-colors"[39m
          [33mdata-slot[39m=[32m"button"[39m
          [33mtabindex[39m=[32m"0"[39m
          [33mtype[39m=[32m"button"[39m
        [36m>[39m
          [0mExport Result[0m
        [36m</button>[39m
      [36m</div>[39m
      [36m<div[39m
        [33mclass[39m=[32m"flex flex-col gap-3"[39m
      [36m>[39m
        [36m<div[39m
          [33mclass[39m=[32m"hidden md:grid grid-cols-[1.2fr_2fr_1fr_1fr_1fr] pl-6 pr-6 py-4 bg-[#E5E7EB] rounded-[16px] mb-2"[39m
        [36m>[39m
          [36m<div[39m
            [33mclass[39m=[32m"text-[13px] font-bold text-gray-500"[39m
          [36m>[39m
            [0mCourse Info[0m
          [36m</div>[39m
          [36m<div[39m
            [33mclass[39m=[32m"text-[13px] font-bold text-gray-500"[39m
          [36m>[39m
            [0mTitle[0m
          [36m</div>[39m
          [36m<div[39m
            [33mclass[39m=[32m"text-[13px] font-bold text-gray-500 text-center"[39m
          [36m>[39m
            [0mScore[0m
          [36m</div>[39m
          [36m<div[39m
            [33mclass[39m=[32m"text-[13px] font-bold text-gray-500 text-center"[39m
          [36m>[39m
            [0mGrade[0m
          [36m</div>[39m
          [36m<div[39m
            [33mclass[39m=[32m"text-[13px] font-bold text-gray-500 text-center"[39m
          [36m>[39m
            [0mGrade Point[0m
          [36m</div>[39m
        [36m</div>[39m
        [36m<div[39m
          [33mclass[39m=[32m"group/card flex flex-col gap-4 overflow-hidden py-4 text-sm text-card-foreground ring-1 ring-foreground/10 has-data-[slot=card-footer]:pb-0 has-[>img:first-child]:pt-0 data-[siz...
 ❯ Object.getElementError node_modules/@testing-library/dom/dist/config.js:37:19
 ❯ getElementError node_modules/@testing-library/dom/dist/query-helpers.js:20:35
 ❯ getMultipleElementsFoundError node_modules/@testing-library/dom/dist/query-helpers.js:23:10
 ❯ node_modules/@testing-library/dom/dist/query-helpers.js:55:13
 ❯ node_modules/@testing-library/dom/dist/query-helpers.js:95:19
 ❯ app/(student-page)/academic-details/semester-results/[id]/page.test.tsx:32:19
     30|     expect(screen.getAllByText('95').length).toBeGreaterThan(0);
     31|     // Grade points
     32|     expect(screen.getByText('12')).toBeDefined();
       |                   ^
     33|
     34|     // Check that there is a back button

⎯⎯⎯⎯⎯⎯⎯⎯⎯⎯⎯⎯⎯⎯⎯⎯⎯⎯⎯⎯⎯⎯⎯⎯[2/2]⎯


 Test Files  2 failed | 3 passed (5)
      Tests  2 failed | 5 passed (7)
   Start at  12:25:08
   Duration  2.28s (transform 806ms, setup 830ms, import 1.94s, tests 772ms, environment 6.11s)

